{"event": "training_start", "device": "cuda", "epochs": 8, "learning_rate": 0.0003, "balance_mode": "sampler", "math_train": 136074, "auxiliary_train": 17664, "selection_validation": true, "fixed_external_holdout_scored": false}
{"event": "train_progress", "epoch": 1, "head": "math", "batch": 250, "batches": 2127, "mean_loss": 5.828372619628906}
{"event": "train_progress", "epoch": 1, "head": "math", "batch": 500, "batches": 2127, "mean_loss": 5.25103205871582}
{"event": "train_progress", "epoch": 1, "head": "math", "batch": 750, "batches": 2127, "mean_loss": 4.739330312093099}
{"event": "train_progress", "epoch": 1, "head": "math", "batch": 1000, "batches": 2127, "mean_loss": 4.304233753204346}
{"event": "train_progress", "epoch": 1, "head": "math", "batch": 1250, "batches": 2127, "mean_loss": 3.9340017654418946}
{"event": "train_progress", "epoch": 1, "head": "math", "batch": 1500, "batches": 2127, "mean_loss": 3.614124557495117}
{"event": "train_progress", "epoch": 1, "head": "math", "batch": 1750, "batches": 2127, "mean_loss": 3.3437204129355296}
{"event": "train_progress", "epoch": 1, "head": "math", "batch": 2000, "batches": 2127, "mean_loss": 3.112072911262512}
{"event": "train_progress", "epoch": 1, "head": "auxiliary", "batch": 250, "batches": 276, "mean_loss": 2.894163612365723}
{"event": "selection_validation", "epoch": 1, "top1": 0.29636699874724093, "top5": 0.6407564278470441, "selected_epoch": 1}
{"event": "train_progress", "epoch": 2, "head": "math", "batch": 250, "batches": 2127, "mean_loss": 1.3971875143051147}
{"event": "train_progress", "epoch": 2, "head": "math", "batch": 500, "batches": 2127, "mean_loss": 1.2912285583019256}
{"event": "train_progress", "epoch": 2, "head": "math", "batch": 750, "batches": 2127, "mean_loss": 1.226252471446991}
{"event": "train_progress", "epoch": 2, "head": "math", "batch": 1000, "batches": 2127, "mean_loss": 1.1803062645196916}
{"event": "train_progress", "epoch": 2, "head": "math", "batch": 1250, "batches": 2127, "mean_loss": 1.1352346215248108}
{"event": "train_progress", "epoch": 2, "head": "math", "batch": 1500, "batches": 2127, "mean_loss": 1.099913293480873}
{"event": "train_progress", "epoch": 2, "head": "math", "batch": 1750, "batches": 2127, "mean_loss": 1.0708309306417192}
{"event": "train_progress", "epoch": 2, "head": "math", "batch": 2000, "batches": 2127, "mean_loss": 1.0444308096468449}
{"event": "train_progress", "epoch": 2, "head": "auxiliary", "batch": 250, "batches": 276, "mean_loss": 1.2565202379226685}
{"event": "selection_validation", "epoch": 2, "top1": 0.6008471037403806, "top5": 0.917675833681322, "selected_epoch": 2}
{"event": "train_progress", "epoch": 3, "head": "math", "batch": 250, "batches": 2127, "mean_loss": 0.8601445925235748}
{"event": "train_progress", "epoch": 3, "head": "math", "batch": 500, "batches": 2127, "mean_loss": 0.8252209259271621}
{"event": "train_progress", "epoch": 3, "head": "math", "batch": 750, "batches": 2127, "mean_loss": 0.8070155484676361}
{"event": "train_progress", "epoch": 3, "head": "math", "batch": 1000, "batches": 2127, "mean_loss": 0.7920847255289555}
{"event": "train_progress", "epoch": 3, "head": "math", "batch": 1250, "batches": 2127, "mean_loss": 0.7808238317251206}
{"event": "train_progress", "epoch": 3, "head": "math", "batch": 1500, "batches": 2127, "mean_loss": 0.7707785528699557}
{"event": "train_progress", "epoch": 3, "head": "math", "batch": 1750, "batches": 2127, "mean_loss": 0.7615731703042984}
{"event": "train_progress", "epoch": 3, "head": "math", "batch": 2000, "batches": 2127, "mean_loss": 0.7533502763658761}
{"event": "train_progress", "epoch": 3, "head": "auxiliary", "batch": 250, "batches": 276, "mean_loss": 0.8365744972229003}
{"event": "selection_validation", "epoch": 3, "top1": 0.6828729940941359, "top5": 0.9509634313667005, "selected_epoch": 3}
{"event": "train_progress", "epoch": 4, "head": "math", "batch": 250, "batches": 2127, "mean_loss": 0.7064907758235931}
{"event": "train_progress", "epoch": 4, "head": "math", "batch": 500, "batches": 2127, "mean_loss": 0.6860953751802444}
{"event": "train_progress", "epoch": 4, "head": "math", "batch": 750, "batches": 2127, "mean_loss": 0.6818472981850306}
{"event": "train_progress", "epoch": 4, "head": "math", "batch": 1000, "batches": 2127, "mean_loss": 0.6731296736299992}
{"event": "train_progress", "epoch": 4, "head": "math", "batch": 1250, "batches": 2127, "mean_loss": 0.6684419934034348}
{"event": "train_progress", "epoch": 4, "head": "math", "batch": 1500, "batches": 2127, "mean_loss": 0.6601863846182823}
{"event": "train_progress", "epoch": 4, "head": "math", "batch": 1750, "batches": 2127, "mean_loss": 0.6523978469542094}
{"event": "train_progress", "epoch": 4, "head": "math", "batch": 2000, "batches": 2127, "mean_loss": 0.648232438609004}
{"event": "train_progress", "epoch": 4, "head": "auxiliary", "batch": 250, "batches": 276, "mean_loss": 0.6411889539957046}
{"event": "selection_validation", "epoch": 4, "top1": 0.7276740440255324, "top5": 0.9614627453319812, "selected_epoch": 4}
{"event": "train_progress", "epoch": 5, "head": "math", "batch": 250, "batches": 2127, "mean_loss": 0.6117475726604462}
{"event": "train_progress", "epoch": 5, "head": "math", "batch": 500, "batches": 2127, "mean_loss": 0.6051732251644134}
{"event": "train_progress", "epoch": 5, "head": "math", "batch": 750, "batches": 2127, "mean_loss": 0.597643139799436}
{"event": "train_progress", "epoch": 5, "head": "math", "batch": 1000, "batches": 2127, "mean_loss": 0.5934266254901887}
{"event": "train_progress", "epoch": 5, "head": "math", "batch": 1250, "batches": 2127, "mean_loss": 0.5895045628547668}
{"event": "train_progress", "epoch": 5, "head": "math", "batch": 1500, "batches": 2127, "mean_loss": 0.5872383942802747}
{"event": "train_progress", "epoch": 5, "head": "math", "batch": 1750, "batches": 2127, "mean_loss": 0.5827445831469127}
{"event": "train_progress", "epoch": 5, "head": "math", "batch": 2000, "batches": 2127, "mean_loss": 0.5781177059561015}
{"event": "train_progress", "epoch": 5, "head": "auxiliary", "batch": 250, "batches": 276, "mean_loss": 0.5686324189901352}
{"event": "selection_validation", "epoch": 5, "top1": 0.7475392232893874, "top5": 0.9687406788760962, "selected_epoch": 5}
{"event": "train_progress", "epoch": 6, "head": "math", "batch": 250, "batches": 2127, "mean_loss": 0.5464279074668884}
{"event": "train_progress", "epoch": 6, "head": "math", "batch": 500, "batches": 2127, "mean_loss": 0.538622346162796}
{"event": "train_progress", "epoch": 6, "head": "math", "batch": 750, "batches": 2127, "mean_loss": 0.5420406567255656}
{"event": "train_progress", "epoch": 6, "head": "math", "batch": 1000, "batches": 2127, "mean_loss": 0.5435484889149665}
{"event": "train_progress", "epoch": 6, "head": "math", "batch": 1250, "batches": 2127, "mean_loss": 0.538345848441124}
{"event": "train_progress", "epoch": 6, "head": "math", "batch": 1500, "batches": 2127, "mean_loss": 0.5362721692522366}
{"event": "train_progress", "epoch": 6, "head": "math", "batch": 1750, "batches": 2127, "mean_loss": 0.5334820188454219}
{"event": "train_progress", "epoch": 6, "head": "math", "batch": 2000, "batches": 2127, "mean_loss": 0.5314653729945421}
{"event": "train_progress", "epoch": 6, "head": "auxiliary", "batch": 250, "batches": 276, "mean_loss": 0.48265477126836775}
{"event": "selection_validation", "epoch": 6, "top1": 0.7533257770088886, "top5": 0.9717234385253236, "selected_epoch": 6}
{"event": "train_progress", "epoch": 7, "head": "math", "batch": 250, "batches": 2127, "mean_loss": 0.5176011885404587}
{"event": "train_progress", "epoch": 7, "head": "math", "batch": 500, "batches": 2127, "mean_loss": 0.5107143539786339}
{"event": "train_progress", "epoch": 7, "head": "math", "batch": 750, "batches": 2127, "mean_loss": 0.5079228596687317}
{"event": "train_progress", "epoch": 7, "head": "math", "batch": 1000, "batches": 2127, "mean_loss": 0.5050926373898983}
{"event": "train_progress", "epoch": 7, "head": "math", "batch": 1250, "batches": 2127, "mean_loss": 0.5040331349611282}
{"event": "train_progress", "epoch": 7, "head": "math", "batch": 1500, "batches": 2127, "mean_loss": 0.5025023654500643}
{"event": "train_progress", "epoch": 7, "head": "math", "batch": 1750, "batches": 2127, "mean_loss": 0.4991153894322259}
{"event": "train_progress", "epoch": 7, "head": "math", "batch": 2000, "batches": 2127, "mean_loss": 0.4963620417416096}
{"event": "train_progress", "epoch": 7, "head": "auxiliary", "batch": 250, "batches": 276, "mean_loss": 0.4672781752347946}
{"event": "selection_validation", "epoch": 7, "top1": 0.759887848237189, "top5": 0.9736324047008292, "selected_epoch": 7}
{"event": "train_progress", "epoch": 8, "head": "math", "batch": 250, "batches": 2127, "mean_loss": 0.48291492849588397}
{"event": "train_progress", "epoch": 8, "head": "math", "batch": 500, "batches": 2127, "mean_loss": 0.4752866396903992}
{"event": "train_progress", "epoch": 8, "head": "math", "batch": 750, "batches": 2127, "mean_loss": 0.4718223868608475}
{"event": "train_progress", "epoch": 8, "head": "math", "batch": 1000, "batches": 2127, "mean_loss": 0.47029222509264945}
{"event": "train_progress", "epoch": 8, "head": "math", "batch": 1250, "batches": 2127, "mean_loss": 0.4676262589097023}
{"event": "train_progress", "epoch": 8, "head": "math", "batch": 1500, "batches": 2127, "mean_loss": 0.46603574842214585}
{"event": "train_progress", "epoch": 8, "head": "math", "batch": 1750, "batches": 2127, "mean_loss": 0.46607728385925296}
{"event": "train_progress", "epoch": 8, "head": "math", "batch": 2000, "batches": 2127, "mean_loss": 0.4641657531484962}
{"event": "train_progress", "epoch": 8, "head": "auxiliary", "batch": 250, "batches": 276, "mean_loss": 0.425622288107872}
{"event": "selection_validation", "epoch": 8, "top1": 0.7402016345522878, "top5": 0.9720813696832309, "selected_epoch": 7}
{"event": "training_complete", "selection_enabled": true, "selected_epoch": 7, "external_top1": null, "external_top5": null, "direct_top1": null, "direct_top5": null, "seconds": 3026.686032700003}
