{"event": "training_start", "device": "cuda", "epochs": 8, "learning_rate": 0.0003, "balance_mode": "sampler", "input_mode": "math-observed-one", "math_train": 136074, "auxiliary_train": 17664, "selection_validation": true, "fixed_external_holdout_scored": false}
{"event": "train_progress", "epoch": 1, "head": "math", "batch": 250, "batches": 2127, "mean_loss": 5.8820400390625}
{"event": "train_progress", "epoch": 1, "head": "math", "batch": 500, "batches": 2127, "mean_loss": 5.3321494140625}
{"event": "train_progress", "epoch": 1, "head": "math", "batch": 750, "batches": 2127, "mean_loss": 4.830358510335286}
{"event": "train_progress", "epoch": 1, "head": "math", "batch": 1000, "batches": 2127, "mean_loss": 4.405179718017578}
{"event": "train_progress", "epoch": 1, "head": "math", "batch": 1250, "batches": 2127, "mean_loss": 4.038585981750488}
{"event": "train_progress", "epoch": 1, "head": "math", "batch": 1500, "batches": 2127, "mean_loss": 3.718098711649577}
{"event": "train_progress", "epoch": 1, "head": "math", "batch": 1750, "batches": 2127, "mean_loss": 3.443665184020996}
{"event": "train_progress", "epoch": 1, "head": "math", "batch": 2000, "batches": 2127, "mean_loss": 3.204962281703949}
{"event": "train_progress", "epoch": 1, "head": "auxiliary", "batch": 250, "batches": 276, "mean_loss": 2.8453955993652342}
{"event": "selection_validation", "epoch": 1, "top1": 0.3028097595895723, "top5": 0.6163574539163634, "selected_epoch": 1}
{"event": "train_progress", "epoch": 2, "head": "math", "batch": 250, "batches": 2127, "mean_loss": 1.4377519416809081}
{"event": "train_progress", "epoch": 2, "head": "math", "batch": 500, "batches": 2127, "mean_loss": 1.3227532587051392}
{"event": "train_progress", "epoch": 2, "head": "math", "batch": 750, "batches": 2127, "mean_loss": 1.2515747170448304}
{"event": "train_progress", "epoch": 2, "head": "math", "batch": 1000, "batches": 2127, "mean_loss": 1.2006971467137337}
{"event": "train_progress", "epoch": 2, "head": "math", "batch": 1250, "batches": 2127, "mean_loss": 1.1525290958881378}
{"event": "train_progress", "epoch": 2, "head": "math", "batch": 1500, "batches": 2127, "mean_loss": 1.11465057182312}
{"event": "train_progress", "epoch": 2, "head": "math", "batch": 1750, "batches": 2127, "mean_loss": 1.0832114702974047}
{"event": "train_progress", "epoch": 2, "head": "math", "batch": 2000, "batches": 2127, "mean_loss": 1.0552451176345348}
{"event": "train_progress", "epoch": 2, "head": "auxiliary", "batch": 250, "batches": 276, "mean_loss": 1.1637236051559448}
{"event": "selection_validation", "epoch": 2, "top1": 0.6142695221619042, "top5": 0.9133210045934499, "selected_epoch": 2}
{"event": "train_progress", "epoch": 3, "head": "math", "batch": 250, "batches": 2127, "mean_loss": 0.8723003766536712}
{"event": "train_progress", "epoch": 3, "head": "math", "batch": 500, "batches": 2127, "mean_loss": 0.8311044890880585}
{"event": "train_progress", "epoch": 3, "head": "math", "batch": 750, "batches": 2127, "mean_loss": 0.8106557505130768}
{"event": "train_progress", "epoch": 3, "head": "math", "batch": 1000, "batches": 2127, "mean_loss": 0.7943072410523891}
{"event": "train_progress", "epoch": 3, "head": "math", "batch": 1250, "batches": 2127, "mean_loss": 0.7822722779273987}
{"event": "train_progress", "epoch": 3, "head": "math", "batch": 1500, "batches": 2127, "mean_loss": 0.7715623409350713}
{"event": "train_progress", "epoch": 3, "head": "math", "batch": 1750, "batches": 2127, "mean_loss": 0.7621246029138565}
{"event": "train_progress", "epoch": 3, "head": "math", "batch": 2000, "batches": 2127, "mean_loss": 0.753492668658495}
{"event": "train_progress", "epoch": 3, "head": "auxiliary", "batch": 250, "batches": 276, "mean_loss": 0.7448469188213348}
{"event": "selection_validation", "epoch": 3, "top1": 0.6757740261289745, "top5": 0.9447592912963073, "selected_epoch": 3}
{"event": "train_progress", "epoch": 4, "head": "math", "batch": 250, "batches": 2127, "mean_loss": 0.7162151306867599}
{"event": "train_progress", "epoch": 4, "head": "math", "batch": 500, "batches": 2127, "mean_loss": 0.6903607435822486}
{"event": "train_progress", "epoch": 4, "head": "math", "batch": 750, "batches": 2127, "mean_loss": 0.6817266094684601}
{"event": "train_progress", "epoch": 4, "head": "math", "batch": 1000, "batches": 2127, "mean_loss": 0.6732064818143845}
{"event": "train_progress", "epoch": 4, "head": "math", "batch": 1250, "batches": 2127, "mean_loss": 0.6677767582178116}
{"event": "train_progress", "epoch": 4, "head": "math", "batch": 1500, "batches": 2127, "mean_loss": 0.6599064686894417}
{"event": "train_progress", "epoch": 4, "head": "math", "batch": 1750, "batches": 2127, "mean_loss": 0.6515302638581821}
{"event": "train_progress", "epoch": 4, "head": "math", "batch": 2000, "batches": 2127, "mean_loss": 0.6468742847815157}
{"event": "train_progress", "epoch": 4, "head": "auxiliary", "batch": 250, "batches": 276, "mean_loss": 0.5704985233545303}
{"event": "selection_validation", "epoch": 4, "top1": 0.7210523176042475, "top5": 0.9598520551213984, "selected_epoch": 4}
{"event": "train_progress", "epoch": 5, "head": "math", "batch": 250, "batches": 2127, "mean_loss": 0.614428454875946}
{"event": "train_progress", "epoch": 5, "head": "math", "batch": 500, "batches": 2127, "mean_loss": 0.601089381814003}
{"event": "train_progress", "epoch": 5, "head": "math", "batch": 750, "batches": 2127, "mean_loss": 0.5963513948122661}
{"event": "train_progress", "epoch": 5, "head": "math", "batch": 1000, "batches": 2127, "mean_loss": 0.5903027454018592}
{"event": "train_progress", "epoch": 5, "head": "math", "batch": 1250, "batches": 2127, "mean_loss": 0.5862734074354172}
{"event": "train_progress", "epoch": 5, "head": "math", "batch": 1500, "batches": 2127, "mean_loss": 0.5838714732627074}
{"event": "train_progress", "epoch": 5, "head": "math", "batch": 1750, "batches": 2127, "mean_loss": 0.5799015644192695}
{"event": "train_progress", "epoch": 5, "head": "math", "batch": 2000, "batches": 2127, "mean_loss": 0.5760071702972055}
{"event": "train_progress", "epoch": 5, "head": "auxiliary", "batch": 250, "batches": 276, "mean_loss": 0.5114343041181564}
{"event": "selection_validation", "epoch": 5, "top1": 0.7435423253594226, "top5": 0.9678458509813279, "selected_epoch": 5}
{"event": "train_progress", "epoch": 6, "head": "math", "batch": 250, "batches": 2127, "mean_loss": 0.5422993540763855}
{"event": "train_progress", "epoch": 6, "head": "math", "batch": 500, "batches": 2127, "mean_loss": 0.5366414583921433}
{"event": "train_progress", "epoch": 6, "head": "math", "batch": 750, "batches": 2127, "mean_loss": 0.5405132543444634}
{"event": "train_progress", "epoch": 6, "head": "math", "batch": 1000, "batches": 2127, "mean_loss": 0.5404938809573651}
{"event": "train_progress", "epoch": 6, "head": "math", "batch": 1250, "batches": 2127, "mean_loss": 0.5348550542593002}
{"event": "train_progress", "epoch": 6, "head": "math", "batch": 1500, "batches": 2127, "mean_loss": 0.5330460374355316}
{"event": "train_progress", "epoch": 6, "head": "math", "batch": 1750, "batches": 2127, "mean_loss": 0.5311358134746551}
{"event": "train_progress", "epoch": 6, "head": "math", "batch": 2000, "batches": 2127, "mean_loss": 0.5288326004445553}
{"event": "train_progress", "epoch": 6, "head": "auxiliary", "batch": 250, "batches": 276, "mean_loss": 0.4461890459060669}
{"event": "selection_validation", "epoch": 6, "top1": 0.7480761200262482, "top5": 0.9698144723498181, "selected_epoch": 6}
{"event": "train_progress", "epoch": 7, "head": "math", "batch": 250, "batches": 2127, "mean_loss": 0.5139943128824234}
{"event": "train_progress", "epoch": 7, "head": "math", "batch": 500, "batches": 2127, "mean_loss": 0.5061456021666527}
{"event": "train_progress", "epoch": 7, "head": "math", "batch": 750, "batches": 2127, "mean_loss": 0.5020408815542857}
{"event": "train_progress", "epoch": 7, "head": "math", "batch": 1000, "batches": 2127, "mean_loss": 0.4983103344738483}
{"event": "train_progress", "epoch": 7, "head": "math", "batch": 1250, "batches": 2127, "mean_loss": 0.4964672247886658}
{"event": "train_progress", "epoch": 7, "head": "math", "batch": 1500, "batches": 2127, "mean_loss": 0.4951092815995216}
{"event": "train_progress", "epoch": 7, "head": "math", "batch": 1750, "batches": 2127, "mean_loss": 0.4918117170844759}
{"event": "train_progress", "epoch": 7, "head": "math", "batch": 2000, "batches": 2127, "mean_loss": 0.48844551319628954}
{"event": "train_progress", "epoch": 7, "head": "auxiliary", "batch": 250, "batches": 276, "mean_loss": 0.4343130593299866}
{"event": "selection_validation", "epoch": 7, "top1": 0.7532064666229196, "top5": 0.9745272325955975, "selected_epoch": 7}
{"event": "train_progress", "epoch": 8, "head": "math", "batch": 250, "batches": 2127, "mean_loss": 0.47777753341197965}
{"event": "train_progress", "epoch": 8, "head": "math", "batch": 500, "batches": 2127, "mean_loss": 0.46970180368423464}
{"event": "train_progress", "epoch": 8, "head": "math", "batch": 750, "batches": 2127, "mean_loss": 0.4665851727525393}
{"event": "train_progress", "epoch": 8, "head": "math", "batch": 1000, "batches": 2127, "mean_loss": 0.4663992853909731}
{"event": "train_progress", "epoch": 8, "head": "math", "batch": 1250, "batches": 2127, "mean_loss": 0.46383465887308123}
{"event": "train_progress", "epoch": 8, "head": "math", "batch": 1500, "batches": 2127, "mean_loss": 0.46196412155032157}
{"event": "train_progress", "epoch": 8, "head": "math", "batch": 1750, "batches": 2127, "mean_loss": 0.4612746275067329}
{"event": "train_progress", "epoch": 8, "head": "math", "batch": 2000, "batches": 2127, "mean_loss": 0.4587871362939477}
{"event": "train_progress", "epoch": 8, "head": "auxiliary", "batch": 250, "batches": 276, "mean_loss": 0.3975627429485321}
{"event": "selection_validation", "epoch": 8, "top1": 0.7545785360615641, "top5": 0.9714251625604009, "selected_epoch": 8}
{"event": "training_complete", "selection_enabled": true, "selected_epoch": 8, "external_top1": null, "external_top5": null, "direct_top1": null, "direct_top5": null, "seconds": 3028.849610899997}
